[ovo-feathers.webflow.io/index.html]
[backblue.gif]
[fade.gif]
[index.html]
[cdn.prod.website-files.com/677e8b595194a56effed6497/css/ovo-feathers.webflow.4cc2dc15d.css]
[ajax.googleapis.com/ajax/libs/webfont/1.6.26/webfont.js]
[fonts.googleapis.com/index.html]
[cdn.prod.website-files.com/677e8b595194a56effed6497/677e8bcd0c7a7eafa4905059_Fav.png]
[cdn.prod.website-files.com/677e8b595194a56effed6497/677e8bd2b3dbbe98616ae160_Fav-1.png]
[cdn.prod.website-files.com/677e8b595194a56effed6497/677e8ee88191cccc2a413b8a_Feathers..svg]
[ovo-feathers.webflow.io/blog.html]
[cdn.prod.website-files.com/677e8b595194a56effed6497/677e8ee98020b23fe7273de1_Icon Big.png]
[cdn.prod.website-files.com/677e8b595194a56effed6497/677e8ff9a40f0b2986435193_RecehTok Crypto.jpg]
[cdn.prod.website-files.com/677e8b595194a56effed6497/677e8ff915048a8bbd9e7614_BG Blur.png]
[cdn.prod.website-files.com/677e8b595194a56effed6497/677e8ff96c1d5d4d2024c183_Line.png]
[cdn.prod.website-files.com/677e8b595194a56effed6497/677e8ff9825f13aef3bca09c_Star Field.svg]
[cdn.prod.website-files.com/677e8b595194a56effed6497/677e8b595194a56effed64c0_Logo 03.svg]
[cdn.prod.website-files.com/677e8b595194a56effed6497/677e8b595194a56effed64bf_Logo 01.svg]
[cdn.prod.website-files.com/677e8b595194a56effed6497/677e8b595194a56effed64be_Logo 02.svg]
[cdn.prod.website-files.com/677e8b595194a56effed6497/677e8b595194a56effed64bd_Logo 04.svg]
[cdn.prod.website-files.com/677e8b595194a56effed6497/677e8b595194a56effed64bc_Logo 05.svg]
[cdn.prod.website-files.com/677e8b595194a56effed6497/677e9756643d77c651bd97ce_Grid Image 01.png]
[cdn.prod.website-files.com/677e8b595194a56effed6497/677e8b595194a56effed64b4_Apple Iphone 14 pro.png]
[cdn.prod.website-files.com/677e8b595194a56effed6497/677e97576f35716344ca7071_Iphone Image.jpg]
[cdn.prod.website-files.com/677e8b595194a56effed6497/677e9757a724396e5c52a42e_Blue BG.jpg]
[cdn.prod.website-files.com/677e8b595194a56effed6497/677e8b595194a56effed64b7_Eye Icon.svg]
[cdn.prod.website-files.com/677e8b595194a56effed6497/677e8b595194a56effed64b8_Twitter Icon.svg]
[cdn.prod.website-files.com/677e8b595194a56effed6497/677e8b595194a56effed64b9_Arrow Right Up.svg]
[cdn.prod.website-files.com/677e8b595194a56effed6497/677e8b595194a56effed64ba_Left Arrow.svg]
[cdn.prod.website-files.com/677e8b595194a56effed6497/677e8b595194a56effed64bb_Right Arrow.svg]
[cdn.prod.website-files.com/677e8b595194a56effed6497/677e98929f424f700c82c41d_Feature Image 01.png]
[cdn.prod.website-files.com/677e8b595194a56effed6497/677e8b595194a56effed64c4_Map Icon.svg]
[cdn.prod.website-files.com/677e8b595194a56effed6497/677e8b595194a56effed64c8_Boost Icon.svg]
[cdn.prod.website-files.com/677e8b595194a56effed6497/677e989244b0996bc2ceb719_Feature Image 02.png]
[cdn.prod.website-files.com/677e8b595194a56effed6497/677eab0bc08c256da0b87e64_Feature Images 01.png]
[cdn.prod.website-files.com/677e8b595194a56effed6497/677e8b595194a56effed64c3_Blue Blur.webp]
[cdn.prod.website-files.com/677e8b595194a56effed6497/677eab0b621f1f9d5f0a1b4c_Feature Images 02.png]
[cdn.prod.website-files.com/677e8b595194a56effed6497/677e8b595194a56effed64c5_Orange Blur.jpg]
[cdn.prod.website-files.com/677e8b595194a56effed6497/677eab0b644dd758036abde1_Feature Images 03.png]
[cdn.prod.website-files.com/677e8b595194a56effed6497/677eab0b108faa2f9aa3358d_Feature Images 04.png]
[cdn.prod.website-files.com/677e8b595194a56effed6497/677e8b595194a56effed64cf_Animoji (2).png]
[cdn.prod.website-files.com/677e8b595194a56effed6497/677e8b595194a56effed64d3_Circle 01.png]
[cdn.prod.website-files.com/677e8b595194a56effed6497/677e8b595194a56effed64d2_Circle 02.png]
[cdn.prod.website-files.com/677e8b595194a56effed6497/677e8b595194a56effed64d0_Animoji (5).png]
[cdn.prod.website-files.com/677e8b595194a56effed6497/677e8b595194a56effed64ce_Animoji (4).png]
[cdn.prod.website-files.com/677e8b595194a56effed6497/677e8b595194a56effed64d5_Empty Check.svg]
[cdn.prod.website-files.com/677e8b595194a56effed6497/677e8b595194a56effed64d4_Filled Check.svg]
[ovo-feathers.webflow.io/template/style-guide.html]
[ovo-feathers.webflow.io/template/licensing.html]
[ovo-feathers.webflow.io/template/instructions.html]
[ovo-feathers.webflow.io/template/change-log.html]
[d3e54v103j8qbb.cloudfront.net/js/jquery-3.5.1.min.dc5e7f18c8b011.js]
[ovo-feathers.webflow.io/index.html]
[cdn.prod.website-files.com/677e8b595194a56effed6497/js/webflow.f169e2bd001e9160f3f054bf40c93fbf.js]
[cdn.prod.website-files.com/677e8b595194a56effed6497/css/ovo-feathers.webflow.4cc2dc15d.css]
[fonts.googleapis.com/index.html]
[fonts.gstatic.com/index.html]
[cdn.prod.website-files.com/677e8b595194a56effed6497/677e8ee88191cccc2a413b8a_Feathers..svg]
[cdn.prod.website-files.com/677e8b595194a56effed6497/677e8b595194a56effed64d6_Arrow.svg]
[ovo-feathers.webflow.io/post/the-impact-of-feathers.html]
[cdn.prod.website-files.com/677eb7a8b24002ad5c64eacc/677eb9799f478bdf23abb383_Blog Images (1).webp]
[ovo-feathers.webflow.io/post/feathers-app-user-testimonials.html]
[cdn.prod.website-files.com/677eb7a8b24002ad5c64eacc/677eb965721a6d0bab6db338_Blog Images (2).webp]
[ovo-feathers.webflow.io/post/feathers-app-productivity.html]
[cdn.prod.website-files.com/677eb7a8b24002ad5c64eacc/677eb95b74391ef7185284df_Blog Images (3).webp]
[ovo-feathers.webflow.io/post/feathers-app-user-experience.html]
[cdn.prod.website-files.com/677eb7a8b24002ad5c64eacc/677eb951f12b8966388d1512_Blog Images (4).webp]
[ovo-feathers.webflow.io/post/feathers-app-crypto-management.html]
[cdn.prod.website-files.com/677eb7a8b24002ad5c64eacc/677eb9473a93b3dc47519257_Blog Images (5).webp]
[ovo-feathers.webflow.io/post/feathers-app-benefits.html]
[cdn.prod.website-files.com/677eb7a8b24002ad5c64eacc/677eb93db261076d918b38e9_Blog Images (6).webp]
[ovo-feathers.webflow.io/blog.html]
[cdn.prod.website-files.com/677e8b595194a56effed6497/677e8ff9825f13aef3bca09c_Star Field.svg]
[cdn.prod.website-files.com/677e8b595194a56effed6497/677e8b595194a56effed64c0_Logo 03.svg]
[cdn.prod.website-files.com/677e8b595194a56effed6497/677e8b595194a56effed64bf_Logo 01.svg]
[cdn.prod.website-files.com/677e8b595194a56effed6497/677e8b595194a56effed64be_Logo 02.svg]
[cdn.prod.website-files.com/677e8b595194a56effed6497/677e8b595194a56effed64bd_Logo 04.svg]
[cdn.prod.website-files.com/677e8b595194a56effed6497/677e8b595194a56effed64bc_Logo 05.svg]
[cdn.prod.website-files.com/677e8b595194a56effed6497/677e8b595194a56effed64b7_Eye Icon.svg]
[cdn.prod.website-files.com/677e8b595194a56effed6497/677e8b595194a56effed64b8_Twitter Icon.svg]
[cdn.prod.website-files.com/677e8b595194a56effed6497/677e8b595194a56effed64b9_Arrow Right Up.svg]
[cdn.prod.website-files.com/677e8b595194a56effed6497/677e8b595194a56effed64ba_Left Arrow.svg]
[cdn.prod.website-files.com/677e8b595194a56effed6497/677e8b595194a56effed64bb_Right Arrow.svg]
[cdn.prod.website-files.com/677e8b595194a56effed6497/677e8b595194a56effed64c4_Map Icon.svg]
[cdn.prod.website-files.com/677e8b595194a56effed6497/677e8b595194a56effed64c8_Boost Icon.svg]
[cdn.prod.website-files.com/677e8b595194a56effed6497/677e8b595194a56effed64d5_Empty Check.svg]
[cdn.prod.website-files.com/677e8b595194a56effed6497/677e8b595194a56effed64d4_Filled Check.svg]
[cdn.prod.website-files.com/677e8b595194a56effed6497/677e8b595194a56effed64d7_Back Icon.svg]
[cdn.prod.website-files.com/677e8b595194a56effed6497/677e8b595194a56effed64d8_Style Guide Icon.svg]
[cdn.prod.website-files.com/677e8b595194a56effed6497/677e8b595194a56effed64d9_Home Icon.svg]
[cdn.prod.website-files.com/677e8b595194a56effed6497/677e8b595194a56effed64db_Flag Icon.svg]
[cdn.prod.website-files.com/677e8b595194a56effed6497/677e8b595194a56effed64da_Loading Icon.svg]
[cdn.prod.website-files.com/677e8b595194a56effed6497/677e8b595194a56effed64aa_Blog Image 05.jpg]
[ovo-feathers.webflow.io/template/style-guide.html]
[cdn.prod.website-files.com/677e8b595194a56effed6497/677e8b595194a56effed64dc_I Icon.svg]
[cdn.prod.website-files.com/677e8b595194a56effed6497/677e8b595194a56effed64e0_Tempo.webp]
[cdn.prod.website-files.com/677e8b595194a56effed6497/677e8b595194a56effed64e2_Facebook.webp]
[cdn.prod.website-files.com/677e8b595194a56effed6497/677e8b595194a56effed64e1_Logo To Use.webp]
[ovo-feathers.webflow.io/template/licensing.html]
[cdn.prod.website-files.com/677e8b595194a56effed6497/677ec6d6bbfd6dd32d3e8556_Instructions 01.jpg]
[cdn.prod.website-files.com/677e8b595194a56effed6497/677ec6d69b08c1927138fde9_Instructions 2.jpg]
[ovo-feathers.webflow.io/template/instructions.html]
[ovo-feathers.webflow.io/template/change-log.html]
[cdn.prod.website-files.com/677e8b595194a56effed6497/677e8b595194a56effed64d6_Arrow.svg]
[ovo-feathers.webflow.io/post/the-impact-of-feathers.html]
[ovo-feathers.webflow.io/post/feathers-app-user-testimonials.html]
[ovo-feathers.webflow.io/post/feathers-app-productivity.html]
[ovo-feathers.webflow.io/post/feathers-app-user-experience.html]
[ovo-feathers.webflow.io/post/feathers-app-crypto-management.html]
[ovo-feathers.webflow.io/post/feathers-app-benefits.html]
[cdn.prod.website-files.com/677e8b595194a56effed6497/677e8b595194a56effed64d7_Back Icon.svg]
[cdn.prod.website-files.com/677e8b595194a56effed6497/677e8b595194a56effed64d8_Style Guide Icon.svg]
[cdn.prod.website-files.com/677e8b595194a56effed6497/677e8b595194a56effed64d9_Home Icon.svg]
[cdn.prod.website-files.com/677e8b595194a56effed6497/677e8b595194a56effed64db_Flag Icon.svg]
[cdn.prod.website-files.com/677e8b595194a56effed6497/677e8b595194a56effed64da_Loading Icon.svg]
[cdn.prod.website-files.com/677e8b595194a56effed6497/677e8b595194a56effed64dc_I Icon.svg]
